START TR corr22abc_f19_f19_ICB20TRCNPRDCTCBC Fri Sep 18 17:44:38 EDT 2026
Creating component namelists
  2026-09-18 17:44:39 atm
   Calling /home/braghiere/elm_fun_trendy_2022/E3SM_global/cime/src/components/stub_comps/satm/cime_config/buildnml
  2026-09-18 17:44:39 lnd
   Calling /home/braghiere/elm_fun_trendy_2022/E3SM_global/components/clm/cime_config/buildnml
  2026-09-18 17:44:40 ice
   Calling /home/braghiere/elm_fun_trendy_2022/E3SM_global/cime/src/components/stub_comps/sice/cime_config/buildnml
  2026-09-18 17:44:40 ocn
   Calling /home/braghiere/elm_fun_trendy_2022/E3SM_global/cime/src/components/stub_comps/socn/cime_config/buildnml
  2026-09-18 17:44:40 rof
   Calling /home/braghiere/elm_fun_trendy_2022/E3SM_global/components/mosart/cime_config/buildnml
  2026-09-18 17:44:40 glc
   Calling /home/braghiere/elm_fun_trendy_2022/E3SM_global/cime/src/components/stub_comps/sglc/cime_config/buildnml
  2026-09-18 17:44:40 wav
   Calling /home/braghiere/elm_fun_trendy_2022/E3SM_global/cime/src/components/stub_comps/swav/cime_config/buildnml
  2026-09-18 17:44:40 iac
   Running /home/braghiere/elm_fun_trendy_2022/E3SM_global/cime/src/components/stub_comps/siac/cime_config/buildnml 
  2026-09-18 17:44:40 esp
   Calling /home/braghiere/elm_fun_trendy_2022/E3SM_global/cime/src/components/stub_comps/sesp/cime_config/buildnml
  2026-09-18 17:44:40 cpl
   Calling /home/braghiere/elm_fun_trendy_2022/E3SM_global/cime/src/drivers/mct/cime_config/buildnml
Finished creating component namelists
Checking that inputdata is available as part of case submission
Loading input file list: 'Buildconf/clm.input_data_list'
Loading input file list: 'Buildconf/mosart.input_data_list'
Loading input file list: 'Buildconf/cpl.input_data_list'
Check case OK
submit_jobs case.run
Submit job case.run
Starting job script case.run
2026-09-18 17:44:41 CASE.RUN BEGINS HERE
2026-09-18 17:44:41 RUN_MODEL BEGINS HERE
2026-09-18 17:44:41 PRE_RUN_CHECK BEGINS HERE
2026-09-18 17:44:41 NAMELIST CREATION BEGINS HERE
Generating namelists for /home/braghiere/elm_fun_trendy_2022/E3SM_global/cime/scripts/corr22abc_f19_f19_ICB20TRCNPRDCTCBC
Creating component namelists
  2026-09-18 17:44:41 atm
   Calling /home/braghiere/elm_fun_trendy_2022/E3SM_global/cime/src/components/stub_comps/satm/cime_config/buildnml
  2026-09-18 17:44:41 lnd
   Calling /home/braghiere/elm_fun_trendy_2022/E3SM_global/components/clm/cime_config/buildnml
  2026-09-18 17:44:42 ice
   Calling /home/braghiere/elm_fun_trendy_2022/E3SM_global/cime/src/components/stub_comps/sice/cime_config/buildnml
  2026-09-18 17:44:42 ocn
   Calling /home/braghiere/elm_fun_trendy_2022/E3SM_global/cime/src/components/stub_comps/socn/cime_config/buildnml
  2026-09-18 17:44:42 rof
   Calling /home/braghiere/elm_fun_trendy_2022/E3SM_global/components/mosart/cime_config/buildnml
  2026-09-18 17:44:42 glc
   Calling /home/braghiere/elm_fun_trendy_2022/E3SM_global/cime/src/components/stub_comps/sglc/cime_config/buildnml
  2026-09-18 17:44:42 wav
   Calling /home/braghiere/elm_fun_trendy_2022/E3SM_global/cime/src/components/stub_comps/swav/cime_config/buildnml
  2026-09-18 17:44:42 iac
   Running /home/braghiere/elm_fun_trendy_2022/E3SM_global/cime/src/components/stub_comps/siac/cime_config/buildnml 
  2026-09-18 17:44:42 esp
   Calling /home/braghiere/elm_fun_trendy_2022/E3SM_global/cime/src/components/stub_comps/sesp/cime_config/buildnml
  2026-09-18 17:44:42 cpl
   Calling /home/braghiere/elm_fun_trendy_2022/E3SM_global/cime/src/drivers/mct/cime_config/buildnml
Finished creating component namelists
2026-09-18 17:44:42 NAMELIST CREATION HAS FINISHED
-------------------------------------------------------------------------
 - Prestage required restarts into /lustre/or-scratch24/scratch/braghiere/corrigendum_2022/runs/corr22abc_f19_f19_ICB20TRCNPRDCTCBC/run
 - Case input data directory (DIN_LOC_ROOT) is /lustre/or-scratch24/scratch/braghiere/corrigendum_2022/inputdata 
 - Checking for required input datasets in DIN_LOC_ROOT
-------------------------------------------------------------------------
2026-09-18 17:44:42 PRE_RUN_CHECK HAS FINISHED
run command is srun  -n 384  --cpu-bind=cores /lustre/or-scratch24/scratch/braghiere/corrigendum_2022/runs/corr22abc_f19_f19_ICB1850CNRDCTCBC_ad_spinup/bld/e3sm.exe   >> e3sm.log.$LID 2>&1  
2026-09-18 17:44:42 SAVE_PRERUN_PROVENANCE BEGINS HERE
2026-09-18 17:44:43 SAVE_PRERUN_PROVENANCE HAS FINISHED
2026-09-18 17:44:43 MODEL EXECUTION BEGINS HERE
2026-09-18 22:37:23 MODEL EXECUTION HAS FINISHED
2026-09-18 22:37:23 POST_RUN_CHECK BEGINS HERE
2026-09-18 22:37:23 POST_RUN_CHECK HAS FINISHED
2026-09-18 22:37:23 RUN_MODEL HAS FINISHED
2026-09-18 22:37:23 GET_TIMING BEGINS HERE
2026-09-18 22:37:23 GET_TIMING HAS FINISHED
2026-09-18 22:37:25 SAVE_POSTRUN_PROVENANCE BEGINS HERE
2026-09-18 22:37:25 SAVE_POSTRUN_PROVENANCE HAS FINISHED
check for resubmit
dout_s False 
mach cades 
resubmit_num 0
2026-09-18 22:37:25 CASE.RUN HAS FINISHED
Submitted job case.run with id None
END TR rc=0 Fri Sep 18 22:37:25 EDT 2026
