START TR corr22ctl_f19_f19_ICB20TRCNPRDCTCBC Fri Sep 18 13:41:16 EDT 2026
Creating component namelists
  2026-09-18 13:41:17 atm
   Calling /home/braghiere/elm_fun_trendy_2022/E3SM_global/cime/src/components/stub_comps/satm/cime_config/buildnml
  2026-09-18 13:41:17 lnd
   Calling /home/braghiere/elm_fun_trendy_2022/E3SM_global/components/clm/cime_config/buildnml
  2026-09-18 13:41:18 ice
   Calling /home/braghiere/elm_fun_trendy_2022/E3SM_global/cime/src/components/stub_comps/sice/cime_config/buildnml
  2026-09-18 13:41:18 ocn
   Calling /home/braghiere/elm_fun_trendy_2022/E3SM_global/cime/src/components/stub_comps/socn/cime_config/buildnml
  2026-09-18 13:41:18 rof
   Calling /home/braghiere/elm_fun_trendy_2022/E3SM_global/components/mosart/cime_config/buildnml
  2026-09-18 13:41:18 glc
   Calling /home/braghiere/elm_fun_trendy_2022/E3SM_global/cime/src/components/stub_comps/sglc/cime_config/buildnml
  2026-09-18 13:41:18 wav
   Calling /home/braghiere/elm_fun_trendy_2022/E3SM_global/cime/src/components/stub_comps/swav/cime_config/buildnml
  2026-09-18 13:41:18 iac
   Running /home/braghiere/elm_fun_trendy_2022/E3SM_global/cime/src/components/stub_comps/siac/cime_config/buildnml 
  2026-09-18 13:41:18 esp
   Calling /home/braghiere/elm_fun_trendy_2022/E3SM_global/cime/src/components/stub_comps/sesp/cime_config/buildnml
  2026-09-18 13:41:18 cpl
   Calling /home/braghiere/elm_fun_trendy_2022/E3SM_global/cime/src/drivers/mct/cime_config/buildnml
Finished creating component namelists
Checking that inputdata is available as part of case submission
Loading input file list: 'Buildconf/clm.input_data_list'
Loading input file list: 'Buildconf/mosart.input_data_list'
Loading input file list: 'Buildconf/cpl.input_data_list'
Check case OK
submit_jobs case.run
Submit job case.run
Starting job script case.run
2026-09-18 13:41:19 CASE.RUN BEGINS HERE
2026-09-18 13:41:19 RUN_MODEL BEGINS HERE
2026-09-18 13:41:19 PRE_RUN_CHECK BEGINS HERE
2026-09-18 13:41:20 NAMELIST CREATION BEGINS HERE
Generating namelists for /home/braghiere/elm_fun_trendy_2022/E3SM_global/cime/scripts/corr22ctl_f19_f19_ICB20TRCNPRDCTCBC
Creating component namelists
  2026-09-18 13:41:20 atm
   Calling /home/braghiere/elm_fun_trendy_2022/E3SM_global/cime/src/components/stub_comps/satm/cime_config/buildnml
  2026-09-18 13:41:20 lnd
   Calling /home/braghiere/elm_fun_trendy_2022/E3SM_global/components/clm/cime_config/buildnml
  2026-09-18 13:41:20 ice
   Calling /home/braghiere/elm_fun_trendy_2022/E3SM_global/cime/src/components/stub_comps/sice/cime_config/buildnml
  2026-09-18 13:41:20 ocn
   Calling /home/braghiere/elm_fun_trendy_2022/E3SM_global/cime/src/components/stub_comps/socn/cime_config/buildnml
  2026-09-18 13:41:20 rof
   Calling /home/braghiere/elm_fun_trendy_2022/E3SM_global/components/mosart/cime_config/buildnml
  2026-09-18 13:41:20 glc
   Calling /home/braghiere/elm_fun_trendy_2022/E3SM_global/cime/src/components/stub_comps/sglc/cime_config/buildnml
  2026-09-18 13:41:20 wav
   Calling /home/braghiere/elm_fun_trendy_2022/E3SM_global/cime/src/components/stub_comps/swav/cime_config/buildnml
  2026-09-18 13:41:20 iac
   Running /home/braghiere/elm_fun_trendy_2022/E3SM_global/cime/src/components/stub_comps/siac/cime_config/buildnml 
  2026-09-18 13:41:20 esp
   Calling /home/braghiere/elm_fun_trendy_2022/E3SM_global/cime/src/components/stub_comps/sesp/cime_config/buildnml
  2026-09-18 13:41:20 cpl
   Calling /home/braghiere/elm_fun_trendy_2022/E3SM_global/cime/src/drivers/mct/cime_config/buildnml
Finished creating component namelists
2026-09-18 13:41:21 NAMELIST CREATION HAS FINISHED
-------------------------------------------------------------------------
 - Prestage required restarts into /lustre/or-scratch24/scratch/braghiere/corrigendum_2022/runs/corr22ctl_f19_f19_ICB20TRCNPRDCTCBC/run
 - Case input data directory (DIN_LOC_ROOT) is /lustre/or-scratch24/scratch/braghiere/corrigendum_2022/inputdata 
 - Checking for required input datasets in DIN_LOC_ROOT
-------------------------------------------------------------------------
2026-09-18 13:41:21 PRE_RUN_CHECK HAS FINISHED
run command is srun  -n 384  --cpu-bind=cores /lustre/or-scratch24/scratch/braghiere/corrigendum_2022/runs/corr22ctl_f19_f19_ICB1850CNPRDCTCBC/bld/e3sm.exe   >> e3sm.log.$LID 2>&1  
2026-09-18 13:41:21 SAVE_PRERUN_PROVENANCE BEGINS HERE
2026-09-18 13:41:21 SAVE_PRERUN_PROVENANCE HAS FINISHED
2026-09-18 13:41:21 MODEL EXECUTION BEGINS HERE
slurmstepd: error: *** JOB 5687027 ON or-condo-c86 CANCELLED AT 2026-09-18T16:39:10 ***
