START TR corr22ctl_f19_f19_ICB20TRCNPRDCTCBC Fri Sep 18 17:33:24 EDT 2026
Creating component namelists
  2026-09-18 17:33:26 atm
   Calling /home/braghiere/elm_fun_trendy_2022/E3SM_global/cime/src/components/stub_comps/satm/cime_config/buildnml
  2026-09-18 17:33:26 lnd
   Calling /home/braghiere/elm_fun_trendy_2022/E3SM_global/components/clm/cime_config/buildnml
  2026-09-18 17:33:27 ice
   Calling /home/braghiere/elm_fun_trendy_2022/E3SM_global/cime/src/components/stub_comps/sice/cime_config/buildnml
  2026-09-18 17:33:27 ocn
   Calling /home/braghiere/elm_fun_trendy_2022/E3SM_global/cime/src/components/stub_comps/socn/cime_config/buildnml
  2026-09-18 17:33:27 rof
   Calling /home/braghiere/elm_fun_trendy_2022/E3SM_global/components/mosart/cime_config/buildnml
  2026-09-18 17:33:27 glc
   Calling /home/braghiere/elm_fun_trendy_2022/E3SM_global/cime/src/components/stub_comps/sglc/cime_config/buildnml
  2026-09-18 17:33:27 wav
   Calling /home/braghiere/elm_fun_trendy_2022/E3SM_global/cime/src/components/stub_comps/swav/cime_config/buildnml
  2026-09-18 17:33:27 iac
   Running /home/braghiere/elm_fun_trendy_2022/E3SM_global/cime/src/components/stub_comps/siac/cime_config/buildnml 
  2026-09-18 17:33:27 esp
   Calling /home/braghiere/elm_fun_trendy_2022/E3SM_global/cime/src/components/stub_comps/sesp/cime_config/buildnml
  2026-09-18 17:33:27 cpl
   Calling /home/braghiere/elm_fun_trendy_2022/E3SM_global/cime/src/drivers/mct/cime_config/buildnml
Finished creating component namelists
Checking that inputdata is available as part of case submission
Loading input file list: 'Buildconf/clm.input_data_list'
Loading input file list: 'Buildconf/mosart.input_data_list'
Loading input file list: 'Buildconf/cpl.input_data_list'
Check case OK
submit_jobs case.run
Submit job case.run
Starting job script case.run
2026-09-18 17:33:28 CASE.RUN BEGINS HERE
2026-09-18 17:33:28 RUN_MODEL BEGINS HERE
2026-09-18 17:33:28 PRE_RUN_CHECK BEGINS HERE
2026-09-18 17:33:28 NAMELIST CREATION BEGINS HERE
Generating namelists for /home/braghiere/elm_fun_trendy_2022/E3SM_global/cime/scripts/corr22ctl_f19_f19_ICB20TRCNPRDCTCBC
Creating component namelists
  2026-09-18 17:33:28 atm
   Calling /home/braghiere/elm_fun_trendy_2022/E3SM_global/cime/src/components/stub_comps/satm/cime_config/buildnml
  2026-09-18 17:33:28 lnd
   Calling /home/braghiere/elm_fun_trendy_2022/E3SM_global/components/clm/cime_config/buildnml
  2026-09-18 17:33:29 ice
   Calling /home/braghiere/elm_fun_trendy_2022/E3SM_global/cime/src/components/stub_comps/sice/cime_config/buildnml
  2026-09-18 17:33:29 ocn
   Calling /home/braghiere/elm_fun_trendy_2022/E3SM_global/cime/src/components/stub_comps/socn/cime_config/buildnml
  2026-09-18 17:33:29 rof
   Calling /home/braghiere/elm_fun_trendy_2022/E3SM_global/components/mosart/cime_config/buildnml
  2026-09-18 17:33:29 glc
   Calling /home/braghiere/elm_fun_trendy_2022/E3SM_global/cime/src/components/stub_comps/sglc/cime_config/buildnml
  2026-09-18 17:33:29 wav
   Calling /home/braghiere/elm_fun_trendy_2022/E3SM_global/cime/src/components/stub_comps/swav/cime_config/buildnml
  2026-09-18 17:33:29 iac
   Running /home/braghiere/elm_fun_trendy_2022/E3SM_global/cime/src/components/stub_comps/siac/cime_config/buildnml 
  2026-09-18 17:33:29 esp
   Calling /home/braghiere/elm_fun_trendy_2022/E3SM_global/cime/src/components/stub_comps/sesp/cime_config/buildnml
  2026-09-18 17:33:29 cpl
   Calling /home/braghiere/elm_fun_trendy_2022/E3SM_global/cime/src/drivers/mct/cime_config/buildnml
Finished creating component namelists
2026-09-18 17:33:29 NAMELIST CREATION HAS FINISHED
-------------------------------------------------------------------------
 - Prestage required restarts into /lustre/or-scratch24/scratch/braghiere/corrigendum_2022/runs/corr22ctl_f19_f19_ICB20TRCNPRDCTCBC/run
 - Case input data directory (DIN_LOC_ROOT) is /lustre/or-scratch24/scratch/braghiere/corrigendum_2022/inputdata 
 - Checking for required input datasets in DIN_LOC_ROOT
-------------------------------------------------------------------------
2026-09-18 17:33:29 PRE_RUN_CHECK HAS FINISHED
run command is srun  -n 384  --cpu-bind=cores /lustre/or-scratch24/scratch/braghiere/corrigendum_2022/runs/corr22ctl_f19_f19_ICB1850CNPRDCTCBC/bld/e3sm.exe   >> e3sm.log.$LID 2>&1  
2026-09-18 17:33:29 SAVE_PRERUN_PROVENANCE BEGINS HERE
2026-09-18 17:33:29 SAVE_PRERUN_PROVENANCE HAS FINISHED
2026-09-18 17:33:29 MODEL EXECUTION BEGINS HERE
2026-09-18 22:27:31 MODEL EXECUTION HAS FINISHED
2026-09-18 22:27:31 POST_RUN_CHECK BEGINS HERE
2026-09-18 22:27:31 POST_RUN_CHECK HAS FINISHED
2026-09-18 22:27:31 RUN_MODEL HAS FINISHED
2026-09-18 22:27:31 GET_TIMING BEGINS HERE
2026-09-18 22:27:31 GET_TIMING HAS FINISHED
2026-09-18 22:27:32 SAVE_POSTRUN_PROVENANCE BEGINS HERE
2026-09-18 22:27:32 SAVE_POSTRUN_PROVENANCE HAS FINISHED
check for resubmit
dout_s False 
mach cades 
resubmit_num 0
2026-09-18 22:27:32 CASE.RUN HAS FINISHED
Submitted job case.run with id None
END TR rc=0 Fri Sep 18 22:27:33 EDT 2026
