START AD corr22ctl_f19_f19_ICB1850CNRDCTCBC_ad_spinup Wed Sep 16 16:49:41 EDT 2026
Creating component namelists
  2026-09-16 16:49:42 atm
   Calling /home/braghiere/elm_fun_trendy_2022/E3SM_global/cime/src/components/stub_comps/satm/cime_config/buildnml
  2026-09-16 16:49:42 lnd
   Calling /home/braghiere/elm_fun_trendy_2022/E3SM_global/components/clm/cime_config/buildnml
  2026-09-16 16:49:43 ice
   Calling /home/braghiere/elm_fun_trendy_2022/E3SM_global/cime/src/components/stub_comps/sice/cime_config/buildnml
  2026-09-16 16:49:43 ocn
   Calling /home/braghiere/elm_fun_trendy_2022/E3SM_global/cime/src/components/stub_comps/socn/cime_config/buildnml
  2026-09-16 16:49:43 rof
   Calling /home/braghiere/elm_fun_trendy_2022/E3SM_global/components/mosart/cime_config/buildnml
  2026-09-16 16:49:43 glc
   Calling /home/braghiere/elm_fun_trendy_2022/E3SM_global/cime/src/components/stub_comps/sglc/cime_config/buildnml
  2026-09-16 16:49:43 wav
   Calling /home/braghiere/elm_fun_trendy_2022/E3SM_global/cime/src/components/stub_comps/swav/cime_config/buildnml
  2026-09-16 16:49:43 iac
   Running /home/braghiere/elm_fun_trendy_2022/E3SM_global/cime/src/components/stub_comps/siac/cime_config/buildnml 
  2026-09-16 16:49:43 esp
   Calling /home/braghiere/elm_fun_trendy_2022/E3SM_global/cime/src/components/stub_comps/sesp/cime_config/buildnml
  2026-09-16 16:49:43 cpl
   Calling /home/braghiere/elm_fun_trendy_2022/E3SM_global/cime/src/drivers/mct/cime_config/buildnml
Finished creating component namelists
Checking that inputdata is available as part of case submission
Loading input file list: 'Buildconf/clm.input_data_list'
Model clm no file specified for finidat
Loading input file list: 'Buildconf/mosart.input_data_list'
Loading input file list: 'Buildconf/cpl.input_data_list'
Check case OK
submit_jobs case.run
Submit job case.run
Starting job script case.run
2026-09-16 16:49:44 CASE.RUN BEGINS HERE
2026-09-16 16:49:44 RUN_MODEL BEGINS HERE
2026-09-16 16:49:44 PRE_RUN_CHECK BEGINS HERE
2026-09-16 16:49:44 NAMELIST CREATION BEGINS HERE
Generating namelists for /home/braghiere/elm_fun_trendy_2022/E3SM_global/cime/scripts/corr22ctl_f19_f19_ICB1850CNRDCTCBC_ad_spinup
Creating component namelists
  2026-09-16 16:49:44 atm
   Calling /home/braghiere/elm_fun_trendy_2022/E3SM_global/cime/src/components/stub_comps/satm/cime_config/buildnml
  2026-09-16 16:49:44 lnd
   Calling /home/braghiere/elm_fun_trendy_2022/E3SM_global/components/clm/cime_config/buildnml
  2026-09-16 16:49:44 ice
   Calling /home/braghiere/elm_fun_trendy_2022/E3SM_global/cime/src/components/stub_comps/sice/cime_config/buildnml
  2026-09-16 16:49:44 ocn
   Calling /home/braghiere/elm_fun_trendy_2022/E3SM_global/cime/src/components/stub_comps/socn/cime_config/buildnml
  2026-09-16 16:49:44 rof
   Calling /home/braghiere/elm_fun_trendy_2022/E3SM_global/components/mosart/cime_config/buildnml
  2026-09-16 16:49:44 glc
   Calling /home/braghiere/elm_fun_trendy_2022/E3SM_global/cime/src/components/stub_comps/sglc/cime_config/buildnml
  2026-09-16 16:49:44 wav
   Calling /home/braghiere/elm_fun_trendy_2022/E3SM_global/cime/src/components/stub_comps/swav/cime_config/buildnml
  2026-09-16 16:49:44 iac
   Running /home/braghiere/elm_fun_trendy_2022/E3SM_global/cime/src/components/stub_comps/siac/cime_config/buildnml 
  2026-09-16 16:49:44 esp
   Calling /home/braghiere/elm_fun_trendy_2022/E3SM_global/cime/src/components/stub_comps/sesp/cime_config/buildnml
  2026-09-16 16:49:44 cpl
   Calling /home/braghiere/elm_fun_trendy_2022/E3SM_global/cime/src/drivers/mct/cime_config/buildnml
Finished creating component namelists
2026-09-16 16:49:45 NAMELIST CREATION HAS FINISHED
-------------------------------------------------------------------------
 - Prestage required restarts into /lustre/or-scratch24/scratch/braghiere/corrigendum_2022/runs/corr22ctl_f19_f19_ICB1850CNRDCTCBC_ad_spinup/run
 - Case input data directory (DIN_LOC_ROOT) is /lustre/or-scratch24/scratch/braghiere/corrigendum_2022/inputdata 
 - Checking for required input datasets in DIN_LOC_ROOT
-------------------------------------------------------------------------
2026-09-16 16:49:45 PRE_RUN_CHECK HAS FINISHED
run command is srun  -n 576  --cpu-bind=none /lustre/or-scratch24/scratch/braghiere/corrigendum_2022/runs/corr22ctl_f19_f19_ICB1850CNRDCTCBC_ad_spinup/bld/e3sm.exe   >> e3sm.log.$LID 2>&1  
2026-09-16 16:49:45 SAVE_PRERUN_PROVENANCE BEGINS HERE
2026-09-16 16:49:45 SAVE_PRERUN_PROVENANCE HAS FINISHED
2026-09-16 16:49:45 MODEL EXECUTION BEGINS HERE
